Configuration file: C:/Users/priya/OneDrive - University of Toronto/Website/street-lab-tech.github.io/_config.yml
            Source: C:/Users/priya/OneDrive - University of Toronto/Website/street-lab-tech.github.io
       Destination: C:/Users/priya/OneDrive - University of Toronto/Website/street-lab-tech.github.io/_site
 Incremental build: disabled. Enable with --incremental
      Generating... 
                    done in 0.812 seconds.
 Auto-regeneration: disabled. Use --watch to enable.
